[www.easylol2.net/index.html]
[backblue.gif]
[fade.gif]
[index.html]
[www.easylol2.net/img/favicon.0.delayed]
[maxcdn.bootstrapcdn.com/font-awesome/4.5.0/css/font-awesome.min.css]
[ajax.googleapis.com/ajax/libs/jquery/1.12.4/jquery.min.js]
[img2.wikia.nocookie.net/__cb20131023175853/leagueoflegends/images/thumb/8/86/League_of_legends_logo_transparent.png/League_of_legends_logo_transparent.png_; filename_=UTF-8''League_of_legends_logo_transparent.png]
[www.easylol2.net/img/summoner-icon.png]
[www.easylol2.net/img/kill_image.png]
[www.easylol2.net/img/deaths_image.png]
[www.easylol2.net/img/assists_image.png]
[www.easylol2.net/img/rp-icon.png]
[ajax.googleapis.com/ajax/libs/jquery/2.1.4/jquery.min.js]
[www.easylol2.net/js/validator.min.js]
[www.easylol2.net/js/form-scripts.js]
[www.easylol2.net/js/jquery.countTo.js]
[www.easylol2.net/js/jquery.magnific-popup.min.js]
[www.easylol2.net/js/sweet-alert.min.js]
[www.easylol2.net/js/jquery.nicescroll.min.js]
[www.easylol2.net/js/sticky.js]
[www.easylol2.net/js/jquery.smooth-scroll.min.js]
[www.easylol2.net/js/main.js]
[www.easylol2.net/index.html]
[www.easylol2.net/img/favicon.html]
[maxcdn.bootstrapcdn.com/font-awesome/4.5.0/css/font-awesome.min.css]
[www.easylol2.net/fonts/glyphicons-halflings-regular.eot]
[www.easylol2.net/fonts/glyphicons-halflings-regular.19.delayed]
[www.easylol2.net/fonts/glyphicons-halflings-regulard41d.eot]
[www.easylol2.net/fonts/glyphicons-halflings-regular.woff]
[www.easylol2.net/fonts/glyphicons-halflings-regular.ttf]
[www.easylol2.net/css/bootstrap.min.css]
[www.easylol2.net/css/magnific-popup.css]
[www.easylol2.net/css/animate.css]
[www.easylol2.net/css/sweet-alert.css]
[www.easylol2.net/fonts/fe90d2b331edb90ed36369d0c270d5b6.eot]
[www.easylol2.net/fonts/fe90d2b331edb90ed36369d0c270d5b6.woff2]
[www.easylol2.net/fonts/fe90d2b331edb90ed36369d0c270d5b6d41d.eot]
[www.easylol2.net/fonts/fe90d2b331edb90ed36369d0c270d5b6.woff]
[www.easylol2.net/fonts/fe90d2b331edb90ed36369d0c270d5b6.ttf]
[www.easylol2.net/fonts/et-line.eot]
[www.easylol2.net/fonts/et-line.woff]
[www.easylol2.net/fonts/et-lined41d.eot]
[www.easylol2.net/fonts/et-line.ttf]
[www.easylol2.net/img/main-bg.jpg]
[www.easylol2.net/img/dotted-bg-overlay.png]
[www.easylol2.net/css/style.css]
[www.easylol2.net/fonts/glyphicons-halflings-regular.html]
[www.easylol2.net/fonts/glyphicons-halflings-regular.svg]
[www.easylol2.net/fonts/fe90d2b331edb90ed36369d0c270d5b6.svg]
[www.easylol2.net/fonts/et-line.svg]
